// Vitest Snapshot v1, https://vitest.dev/guide/snapshot.html

exports[`PBI-086 transformTemplateForRoute（view-source: 静的可視） > 生成 HTML 全体スナップショット（/ ルート / 退行検知） 1`] = `
"<!doctype html>
<html lang="ja">
  <head>
    <meta charset="UTF-8" />
    <meta name="description" content="管理職昇進試験のインバスケット演習を、案件処理・優先順位付け・委任判断などのフレームワークから模擬試験までブラウザで体系的に学べる無料の日本語学習Webアプリです。" />
    <link rel="canonical" href="https://example.test/" />
    <meta property="og:title" content="インバスケット - 学習アプリ" />
    <meta property="og:description" content="管理職昇進試験のインバスケット演習を、案件処理・優先順位付け・委任判断などのフレームワークから模擬試験までブラウザで体系的に学べる無料の日本語学習Webアプリです。" />
    <meta property="og:url" content="https://example.test/" />
    <meta name="twitter:title" content="インバスケット - 学習アプリ" />
    <meta name="twitter:description" content="管理職昇進試験のインバスケット演習を、案件処理・優先順位付け・委任判断などのフレームワークから模擬試験までブラウザで体系的に学べる無料の日本語学習Webアプリです。" />
    <title>インバスケット - 学習アプリ</title>
    <script async src="https://pagead2.googlesyndication.com/pagead/js/adsbygoogle.js?client=ca-pub-XXXX" crossorigin="anonymous"></script>
  </head>
  <body>
    <div id="root"><div data-prerender="home">
        <h1>インバスケット</h1>
        <p>InBusket（インバスケット学習アプリ）は、管理職昇進試験などで出題されるインバスケット演習を、案件処理・優先順位付け・委任判断・意思決定フレームワーク・模擬試験まで、ブラウザ上で体系的に無料で学べる日本語の学習Webサービスです。</p>
        <p>想定読者は管理職昇進試験を控える社会人や、優先順位判断・委任・意思決定スキルを体系的に学びたい方です。コンテンツは全12章の解説リファレンス、全20パターンのケース別解説、代表ケース20件の単独URL演習、Quick（速習）／Deep（記述）／Exam（模試）の3つの学習モードで構成され、繰り返しの訓練を通じて合格水準の判断力と回答骨格を身につけられます。</p>
        <h2>インバスケット試験で問われること</h2>
        <p>インバスケット試験は、架空の管理職に着任した初日に、未処理のまま溜まった案件を制限時間内で処理するシミュレーションです。制限時間は60〜90分、案件数は15〜25件が典型で、前任者が不在、自分もこの後すぐ出張に出るといった制約が設定されます。採点対象は「承認したか否か」という結論ではなく、なぜそう判断したのか、誰にどの期限で何を指示したのかという行動の中身です。そのため、正解を暗記する学習ではなく、限られた時間で優先順位を決め、判断の根拠を言語化し、適切に委任する型を身につける訓練が有効になります。</p>
        <h2>学習の進め方</h2>
        <p>初めての方は、まず解説リファレンス第1章から第3章で試験の全体像と評価の観点をつかみ、続いて第4章から第7章で時間管理・優先順位付け・意思決定・委任という4つの基本スキルを学ぶ流れをおすすめします。基礎を押さえたら、Quickモードで案件の優先度判定を反復し、判断のスピードを上げます。判断が安定してきたらDeepモードに切り替え、判断・理由・具体行動を文章で書く練習に移ります。仕上げとして、本番と同じ時間制約で複数案件を処理するExamモードに取り組み、時間切れになりやすい箇所を特定して弱点を補強します。</p>
        <h2>収録コンテンツ</h2>
        <p>解説リファレンスは全12章で、試験の概要、採点基準、マネージャーとしての思考の切り替え、時間管理、優先順位付け、意思決定フレームワーク、委任、案件パターン別の攻略、記述の技法、模擬試験、振り返りの方法、試験当日の戦略までを扱います。パターン別解説では、顧客クレーム、部下の退職相談、ハラスメント報告、情報セキュリティインシデント、複合案件など20種類の頻出パターンについて、出題される場面の読み解き、優先度判定の論拠、よくある失敗、回答例文、評価者の着眼点を掲載しています。代表ケース20件には、案件文・正解優先度・解説・模範回答に加えて、誤答パターンと一次対応後のフォローアップまで収録しています。</p>
        <p>詳細は <a href="/about">運営者情報</a> ／ <a href="/terms">サービス利用規約</a> をご覧ください。学習コンテンツは <a href="/reference">解説リファレンス</a> ／ <a href="/patterns">パターン別解説</a> から一覧できます。</p>
      </div></div>
    <script type="module" src="/assets/index.js"></script>
  </body>
</html>"
`;

exports[`PBI-086 transformTemplateForRoute（view-source: 静的可視） > 生成 HTML 全体スナップショット（/cases/case-001 ルート / 第3段階先頭） 1`] = `
"<!doctype html>
<html lang="ja">
  <head>
    <meta charset="UTF-8" />
    <meta name="description" content="インバスケット代表ケース001（パターン1「顧客クレーム」・難易度上級）の本文と解説、模範回答の骨格を確認できる単独URLページです。" />
    <link rel="canonical" href="https://example.test/cases/case-001" />
    <meta property="og:title" content="ケース001：パターン1「顧客クレーム」（上級） | インバスケット - 学習アプリ" />
    <meta property="og:description" content="インバスケット代表ケース001（パターン1「顧客クレーム」・難易度上級）の本文と解説、模範回答の骨格を確認できる単独URLページです。" />
    <meta property="og:url" content="https://example.test/cases/case-001" />
    <meta name="twitter:title" content="ケース001：パターン1「顧客クレーム」（上級） | インバスケット - 学習アプリ" />
    <meta name="twitter:description" content="インバスケット代表ケース001（パターン1「顧客クレーム」・難易度上級）の本文と解説、模範回答の骨格を確認できる単独URLページです。" />
    <title>ケース001：パターン1「顧客クレーム」（上級） | インバスケット - 学習アプリ</title>
    <script async src="https://pagead2.googlesyndication.com/pagead/js/adsbygoogle.js?client=ca-pub-XXXX" crossorigin="anonymous"></script>
  </head>
  <body>
    <div id="root"><div data-prerender="case-case-001">
        <h1>ケース001：パターン1「顧客クレーム」（上級）</h1>
        <h2>ケース概要：主要顧客から大型クレームの電話</h2>
        <p>主要顧客A社から「納品物に重大な不具合がある」と社長宛に電話があった。担当営業は外出中。社長は午後から海外出張で連絡が取りづらい。</p>
        <p>登場人物：田中部長</p>
        <p>関係部署：営業部 / 品質保証部</p>
        <p>テーマ分類：顧客対応</p>
        <h2>正解優先度：A優先（最優先）</h2>
        <p>主要顧客の重大クレームはパターン1の典型例で、初動の遅れが信頼失墜と契約解除リスクへ直結するA優先案件です。担当営業の不在と社長の海外出張という制約下では、自分から代理で謝罪電話を入れて事実関係を聴取しつつ、品質部門への調査依頼と社長秘書経由の要点メモ共有を並行で走らせるのが定石です。回答期限を顧客と握り、後追い連絡の責任者を明確化することで二次クレームを防ぎます。パターン1「顧客クレーム」の型は解説リファレンス第8章「案件パターン別攻略」で体系的に確認できます。</p>
        <h2>案件文から読み取るべきこと</h2><p>この案件の難しさは、通常の連絡経路が二重に断たれている点にあります。担当営業は外出中で、社長は午後から海外出張のため連絡が取りづらい。つまり、本来なら報告して指示を仰ぐ相手がどちらも使えません。さらに、クレームが社長宛に入っているという事実は、先方がすでに担当者レベルでの解決を諦めている、あるいは事態を経営マターと捉えていることを示唆します。受験者が読み取るべきは、不具合の内容そのものではなく、この二つの制約の中で誰が今日の窓口になるのかという問いです。</p><h2>優先度判定の論拠</h2><p>A優先とする根拠は三つあります。第一に、主要顧客であること。取引規模が大きいほど、対応の遅れが与える収益インパクトは大きくなります。第二に、社長宛という入電経路が事態の深刻度を物語っていること。第三に、担当者不在という状況が、放置すれば「誰も出てこない」という最悪の印象を生むことです。重大な不具合という技術的側面よりも、連絡が途切れる時間の長さがリスクの本体であるため、調査完了を待たずに一次連絡を入れる判断が求められます。</p><h2>よくある誤答</h2><ul><li>担当営業の帰社を待って対応を始める。案件文に不在と書かれている時点で、代理対応の可否が問われていると読むべきです。</li><li>品質保証部の調査結果が出てから先方へ連絡する。事実確認と一次連絡は並行させないと、沈黙の時間が信頼を削ります。</li><li>社長が出張中であることを理由に報告を省略する。秘書経由の要点メモという代替経路を設計できるかが評価されます。</li></ul><h2>回答例文</h2><p>本日中に私から先方の窓口へ電話し、ご報告いただいた事実の受領とお詫びを伝えたうえで、不具合の発生状況を具体的に伺います。品質保証部には、該当製品の影響範囲の切り分けを明日正午までに報告するよう依頼します。営業担当の帰社後は、私が聴取した内容を引き継ぎ、以後の窓口を本人に戻します。社長へは、事案の概要と現在の対応状況を一枚のメモにまとめ、秘書経由で共有します。先方への正式回答は明後日中とし、その期限を本日の電話で約束します。</p>
        <h2>模範回答の骨格</h2>
        <p>判断：Aランクとして本日中に一次対応を完了する。</p>
        <p>理由：主要顧客の重大クレームであり、初動の遅れは信頼失墜と契約解除リスクに直結するため。</p>
        <p>対応：自分から代理で謝罪電話を入れて状況を聴取し、品質部門に調査を依頼。営業担当と社長秘書経由で社長へ要点メモを共有し、回答期限を顧客と握る。</p>
        <h2>一次対応の後にやること</h2><p>正式回答の後は、同種の不具合が他の納品先でも発生していないかを品質保証部に横展開で確認させます。また、社長宛に直接連絡が入った経緯を振り返り、担当営業と先方の間の日常的な連絡頻度に問題がなかったかを確認します。窓口が機能していれば経営層に直接届くことは通常ないため、関係維持の運用そのものを見直す契機とします。</p>
        <p>関連リンク：<a href="/patterns/1">パターン1「顧客クレーム」</a> ／ <a href="/reference/chapter08">解説リファレンス：案件パターン別攻略（chapter08）</a></p>
      </div></div>
    <script type="module" src="/assets/index.js"></script>
  </body>
</html>"
`;

exports[`PBI-086 transformTemplateForRoute（view-source: 静的可視） > 生成 HTML 全体スナップショット（/cases/case-029 ルート / 第3段階中央代表） 1`] = `
"<!doctype html>
<html lang="ja">
  <head>
    <meta charset="UTF-8" />
    <meta name="description" content="インバスケット代表ケース029（パターン9「プロジェクト遅延・品質問題」・難易度上級）の本文と解説、模範回答の骨格を確認できる単独URLページです。" />
    <link rel="canonical" href="https://example.test/cases/case-029" />
    <meta property="og:title" content="ケース029：パターン9「プロジェクト遅延・品質問題」（上級） | インバスケット - 学習アプリ" />
    <meta property="og:description" content="インバスケット代表ケース029（パターン9「プロジェクト遅延・品質問題」・難易度上級）の本文と解説、模範回答の骨格を確認できる単独URLページです。" />
    <meta property="og:url" content="https://example.test/cases/case-029" />
    <meta name="twitter:title" content="ケース029：パターン9「プロジェクト遅延・品質問題」（上級） | インバスケット - 学習アプリ" />
    <meta name="twitter:description" content="インバスケット代表ケース029（パターン9「プロジェクト遅延・品質問題」・難易度上級）の本文と解説、模範回答の骨格を確認できる単独URLページです。" />
    <title>ケース029：パターン9「プロジェクト遅延・品質問題」（上級） | インバスケット - 学習アプリ</title>
    <script async src="https://pagead2.googlesyndication.com/pagead/js/adsbygoogle.js?client=ca-pub-XXXX" crossorigin="anonymous"></script>
  </head>
  <body>
    <div id="root"><div data-prerender="case-case-029">
        <h1>ケース029：パターン9「プロジェクト遅延・品質問題」（上級）</h1>
        <h2>ケース概要：主要プロジェクトで品質問題が発覚</h2>
        <p>進行中の重要プロジェクトの結合テストで重大な品質欠陥が複数発見されたとPMから報告。リリース予定は2週間後で、顧客側にも進捗共有済み。リカバリー要員と期間の判断を求められている。</p>
        <p>登場人物：田中部長</p>
        <p>関係部署：開発部 / 品質保証部</p>
        <p>テーマ分類：品質管理</p>
        <h2>正解優先度：A優先（最優先）</h2>
        <p>リリース直前の重大品質欠陥はパターン9 の代表例で、判断遅延がそのまま顧客信頼損失と機会損失に転じる A 優先案件です。PM から欠陥重大度・件数・原因仮説をヒアリングし、「増員／スコープ縮退／期限再調整」の 3 案をコスト・品質・顧客影響で比較整理します。顧客へは隠蔽せず事実と回復計画を早期に提示し、上長と方針を握ったうえで本日中に社内・社外の方針を確定させるのが定石です。パターン9「プロジェクト遅延・品質問題」の型は解説リファレンス第8章「案件パターン別攻略」で体系的に確認できます。</p>
        <h2>案件文から読み取るべきこと</h2><p>結合テストで重大な品質欠陥が複数発見され、リリースは二週間後、顧客側にも進捗を共有済みという状況です。二週間という残期間は、選択肢がまだ複数残っている貴重な状態を意味します。この時点なら増員も、機能を絞った段階リリースも、期限の再調整も検討可能です。しかし一週間を切ると実質的にスコープ縮退しか残りません。つまり、判断を先送りするほど打てる手が減る構造です。加えて、顧客に進捗を共有済みという条件は、こちらから状況を伝える前に相手が気づくリスクを含んでいます。</p><h2>優先度判定の論拠</h2><p>A優先の根拠は、意思決定の遅れが選択肢の消滅に直結する点です。技術的な復旧作業そのものは現場が進めますが、方針決定は管理職にしかできず、しかも決定が遅れるほど実行可能な案が減ります。もう一つの理由は顧客への説明タイミングで、悪い情報は早く伝えるほど信頼の毀損が小さくなります。隠していた期間の長さが、後になって最も強く問われる要素になるため、社内方針の確定と顧客説明の準備を同日中に進める必要があります。</p><h2>よくある誤答</h2><ul><li>原因究明の完了を待ってから方針を決める。影響範囲の暫定評価があれば方針判断は可能で、待機は選択肢を減らします。</li><li>増員だけを対策として挙げる。終盤の要員追加は立ち上がりに時間を要し、かえって遅延することがあります。</li><li>顧客への報告を社内方針の確定後まで完全に伏せる。遅延の事実より、隠していた事実のほうが強い不信を招きます。</li></ul><h2>回答例文</h2><p>本日中にPMから、欠陥の重大度別件数、影響を受ける機能範囲、原因の仮説を三十分で報告させます。それをもとに、増員によるリカバリー、機能を絞った段階リリース、期限の再調整という三案を、追加コスト・品質リスク・顧客影響の三軸で比較した資料を明日午前までに作成させます。私は本日中に上長へ状況を一報し、顧客への説明方針について合意を得ます。顧客に対しては、事実と現時点での回復見通し、次回報告のタイミングを明日中に共有する段取りとし、隠蔽と受け取られる余地を残しません。テスト工程の見直しは再発防止課題として起票します。</p>
        <h2>模範回答の骨格</h2>
        <p>判断：Aランクとして本日中にリカバリー方針と顧客報告方針を確定する。</p>
        <p>理由：リリース2週間前の重大品質欠陥は顧客信頼に直結し、判断遅延は被害を拡大させるため。</p>
        <p>対応：PMから欠陥の重大度・件数・原因仮説をヒアリングし、増員／スコープ縮退／期限再調整の3案を比較整理する。本日中に方針を上長と握り、顧客に対しては隠蔽せず事実と回復計画を早期に共有する段取りを準備する。</p>
        <h2>一次対応の後にやること</h2><p>リリース後は、欠陥がテスト工程のどの段階で検出されるべきだったかを検証し、レビューとテストの配置を見直します。顧客に対しては、再発防止策を正式に説明する場を設け、信頼回復のプロセスを可視化します。今回の三案比較のフォーマットは、他プロジェクトの緊急判断にも再利用できる形で部内に共有します。</p>
        <p>関連リンク：<a href="/patterns/9">パターン9「プロジェクト遅延・品質問題」</a> ／ <a href="/reference/chapter08">解説リファレンス：案件パターン別攻略（chapter08）</a></p>
      </div></div>
    <script type="module" src="/assets/index.js"></script>
  </body>
</html>"
`;

exports[`PBI-086 transformTemplateForRoute（view-source: 静的可視） > 生成 HTML 全体スナップショット（/cases/case-053 ルート / 第3段階末尾） 1`] = `
"<!doctype html>
<html lang="ja">
  <head>
    <meta charset="UTF-8" />
    <meta name="description" content="インバスケット代表ケース053（パターン2「取引先からの要求（値引き・仕様変更等）」・難易度初級）の本文と解説、模範回答の骨格を確認できる単独URLページです。" />
    <link rel="canonical" href="https://example.test/cases/case-053" />
    <meta property="og:title" content="ケース053：パターン2「取引先からの要求（値引き・仕様変更等）」（初級） | インバスケット - 学習アプリ" />
    <meta property="og:description" content="インバスケット代表ケース053（パターン2「取引先からの要求（値引き・仕様変更等）」・難易度初級）の本文と解説、模範回答の骨格を確認できる単独URLページです。" />
    <meta property="og:url" content="https://example.test/cases/case-053" />
    <meta name="twitter:title" content="ケース053：パターン2「取引先からの要求（値引き・仕様変更等）」（初級） | インバスケット - 学習アプリ" />
    <meta name="twitter:description" content="インバスケット代表ケース053（パターン2「取引先からの要求（値引き・仕様変更等）」・難易度初級）の本文と解説、模範回答の骨格を確認できる単独URLページです。" />
    <title>ケース053：パターン2「取引先からの要求（値引き・仕様変更等）」（初級） | インバスケット - 学習アプリ</title>
    <script async src="https://pagead2.googlesyndication.com/pagead/js/adsbygoogle.js?client=ca-pub-XXXX" crossorigin="anonymous"></script>
  </head>
  <body>
    <div id="root"><div data-prerender="case-case-053">
        <h1>ケース053：パターン2「取引先からの要求（値引き・仕様変更等）」（初級）</h1>
        <h2>ケース概要：取引先からの契約更新書類の軽微修正依頼</h2>
        <p>取引先K社から契約更新書類の表記ゆれ修正依頼。内容変更はなく、締結期限は2週間後。法務確認済みテンプレート内で対応可能。</p>
        <p>登場人物：伊藤主任</p>
        <p>関係部署：法務部</p>
        <p>テーマ分類：契約事務</p>
        <h2>正解優先度：C優先（空き時間処理）</h2>
        <p>取引先からの契約軽微修正はパターン2の典型で、重要業務の手を止めて深く検討するほどの緊急性はありません。法務確認済みテンプレート内の表記ゆれ修正という性質からC優先で扱い、定型手順に沿って修正箇所を反映し担当者に最終確認を依頼するのが定石です。期限1週間前を目安に返送し、送付完了を取引先へ簡潔に連絡しておくと、相手側の社内決裁にも余裕が生まれ取引信頼の維持に繋がります。パターン2「取引先要求」の型は解説リファレンス第8章「案件パターン別攻略」で体系的に確認できます。</p>
        <h2>案件文から読み取るべきこと</h2><p>取引先からの契約更新書類の表記ゆれ修正依頼で、内容変更はなく、締結期限は二週間後、法務確認済みテンプレート内で対応可能という条件です。判断に必要な情報はすべて揃っており、リスクも限定的です。この案件で試されるのは、軽微な案件を軽微と判定できるかという点と、期限が二週間先であることに安心して忘れないかという段取りの確実性です。契約事務は相手側の社内決裁にも時間を要するため、期限ぎりぎりの返送は先方に迷惑をかけます。</p><h2>優先度判定の論拠</h2><p>C優先とする根拠は、内容変更を伴わない表記の修正であり、法務確認済みのテンプレート内で処理できる点です。判断の余地がなく、重要業務を止めてまで対応する緊急性もありません。ただし、締結期限という明確な締切があるため、放置は許されません。相手側の決裁期間を考慮し、期限の一週間前を目安に返送する段取りを組むのが実務的です。優先度が低いことと締切がないことは別である、という原則が適用されます。</p><h2>よくある誤答</h2><ul><li>軽微な修正であっても法務へ改めて全文確認を依頼する。確認済みテンプレート内であれば不要な工数です。</li><li>期限直前まで放置する。相手側の社内決裁の時間を奪い、取引関係に不要な緊張を生みます。</li><li>修正内容を担当者に最終確認させずに返送する。表記ゆれの修正でも、確認を省くと別の誤りが混入します。</li></ul><h2>回答例文</h2><p>指摘のあった表記を法務確認済みテンプレートに沿って修正し、担当者に最終確認を依頼します。期限の一週間前を目安に返送し、送付完了を取引先へ簡潔に連絡します。修正箇所は履歴として残し、次回更新時に同じ指摘が出ないようテンプレート側にも反映します。</p>
        <h2>模範回答の骨格</h2>
        <p>判断：Cランクとして定型手順で期限内に返送する。</p>
        <p>理由：法務確認済みの軽微修正で、重要業務を止めるほどの緊急性がないため。</p>
        <p>対応：修正箇所を法務テンプレートに反映し、担当者に最終確認を依頼する。期限1週間前に返送し、送付完了を取引先へ簡潔に連絡する。</p>
        <h2>一次対応の後にやること</h2><p>同種の表記ゆれが他の契約書でも発生していないかを担当者に点検させ、テンプレートの記載を統一します。契約更新は定期的に発生するため、更新時期の一覧を作成し、期限の一か月前に着手する運用に変えることで、期限管理の負荷そのものを下げます。</p>
        <p>関連リンク：<a href="/patterns/2">パターン2「取引先からの要求（値引き・仕様変更等）」</a> ／ <a href="/reference/chapter08">解説リファレンス：案件パターン別攻略（chapter08）</a></p>
      </div></div>
    <script type="module" src="/assets/index.js"></script>
  </body>
</html>"
`;

exports[`PBI-086 transformTemplateForRoute（view-source: 静的可視） > 生成 HTML 全体スナップショット（/patterns/1 ルート / 第4段階先頭代表） 1`] = `
"<!doctype html>
<html lang="ja">
  <head>
    <meta charset="UTF-8" />
    <meta name="description" content="インバスケット案件パターン1「顧客クレーム」の特徴・優先度の目安・回答の骨格を確認できる詳細ページです。" />
    <link rel="canonical" href="https://example.test/patterns/1" />
    <meta property="og:title" content="パターン1：顧客クレーム | インバスケット - 学習アプリ" />
    <meta property="og:description" content="インバスケット案件パターン1「顧客クレーム」の特徴・優先度の目安・回答の骨格を確認できる詳細ページです。" />
    <meta property="og:url" content="https://example.test/patterns/1" />
    <meta name="twitter:title" content="パターン1：顧客クレーム | インバスケット - 学習アプリ" />
    <meta name="twitter:description" content="インバスケット案件パターン1「顧客クレーム」の特徴・優先度の目安・回答の骨格を確認できる詳細ページです。" />
    <title>パターン1：顧客クレーム | インバスケット - 学習アプリ</title>
    <script async src="https://pagead2.googlesyndication.com/pagead/js/adsbygoogle.js?client=ca-pub-XXXX" crossorigin="anonymous"></script>
  </head>
  <body>
    <div id="root"><div data-prerender="pattern-1">
        <h1>パターン1：顧客クレーム</h1>
        <h2>カテゴリ：対外対応パターン</h2>
        <p>顧客・取引先・営業先など社外関係者を相手にした案件群。初動の速度と顧客視点の指示が評価の中心になります。</p>
        <h2>優先度の目安：A優先（最重要・緊急）</h2>
        <p>緊急度・重要度ともに高い。最優先案件。初動の遅れは信頼失墜に直結する。</p>
        <h2>出題される場面の読み解き</h2><p>インバスケットで顧客クレームが出題されるとき、案件文には必ず「担当者が不在」「上位者が出張中」といった制約が添えられます。これは受験者に「自分が動くか、誰かに任せるか」を強制的に選ばせるための仕掛けです。実際の案件文では、クレームの内容そのものより、いつ入電したか・誰が受けたか・先方が何を要求しているかが判断材料になります。多くの受験者は不具合の技術的原因に目を奪われますが、着任初日の管理職に技術調査はできません。読み取るべきは「先方が最も不安に感じている点は何か」「その不安を今日中に下げる手段は何か」の二点です。</p><h2>なぜこの優先度になるのか</h2><p>顧客クレームがA優先になるのは、被害額の大きさではなく時間経過とともに損失が拡大する性質を持つためです。クレームは放置された時間そのものが「軽視された」というメッセージとして相手に伝わり、当初は製品の問題だったものが信頼の問題へ質的に変わります。いったん信頼の問題に転じると、技術的に完璧な修正をしても関係は回復しません。したがって、調査結果が出るのを待って回答するのは誤りで、「受領した事実」「調査に着手した事実」「いつ回答するかの約束」の三点だけでも即時に返すことが最短の被害限定策になります。金額の大小ではなく劣化速度で優先度を決める、という発想が採点者の期待する思考です。</p>
        <h2>回答の骨格（誰に・何を・いつまでに）</h2><ol><li>顧客への初動対応（謝罪・受領連絡）を指示</li><li>事実関係の調査を指示（担当者・期限）</li><li>再発防止策の検討を指示</li><li>必要に応じて上司・関係部署に報告</li><li>顧客への正式回答の期限を設定</li></ol>
        <h2>よくある失敗</h2><ul><li>調査結果が判明するまで顧客への連絡を保留してしまう。事実確認と一次連絡は並行して走らせるべきで、沈黙は最も高くつく選択です。</li><li>担当営業が戻るのを待つ。案件文に不在と書かれている時点で「自分が代理で動けるか」が問われており、待機は主体性の欠如と評価されます。</li><li>謝罪だけで終わり、回答期限を握らない。期限のない謝罪は相手の不安を下げず、再督促を招いて対応工数を倍増させます。</li><li>社内の責任追及から始めてしまう。誰のミスかの確定は事後の再発防止フェーズの仕事で、初動フェーズでは被害の拡大防止が唯一の目的です。</li></ul><h2>回答例文</h2><p>本日中に私から先方担当者へ連絡し、不具合報告を受領した事実と調査に着手した旨をお詫びとともにお伝えします。あわせて品質保証部の◯◯に対し、当該ロットの影響範囲の切り分けを明日正午までに報告するよう指示します。営業担当の△△が帰社次第、経緯を共有のうえ以後の窓口を引き継がせます。先方への正式回答は明後日中とし、その旨を本日の連絡時に約束します。社長には要点をまとめたメモを秘書経由で共有し、出張先での判断が必要な事項があれば申し送ります。</p><h2>評価者はどこを見ているか</h2><p>採点者はこの案件で、判断力よりも先に「時間感覚」を見ています。回答に本日中・明日正午・明後日といった具体的な時刻が入っているか、そしてそれぞれに担当者名が紐づいているかが評価の分かれ目です。もう一つの着眼点は窓口の一元化で、自分が代理対応した後に誰へ引き継ぐかまで書けている答案は、組織を動かす管理職として高く評価されます。逆に「至急対応する」「早急に調査する」といった副詞だけの答案は、いくら熱意があっても具体性がないと判定され点になりません。</p>
        <h2>キーフレーズ例</h2><ul><li>「まず本日中にお詫びと経過報告の連絡を行い…」</li><li>「事実確認の上、○日までに正式回答する方針で…」</li></ul>
        
        <p>関連リンク：<a href="/patterns">パターン別解説（全20パターン）</a> ／ <a href="/reference/chapter08">解説リファレンス：案件パターン別攻略（chapter08）</a></p>
      </div></div>
    <script type="module" src="/assets/index.js"></script>
  </body>
</html>"
`;

exports[`PBI-086 transformTemplateForRoute（view-source: 静的可視） > 生成 HTML 全体スナップショット（/patterns/10 ルート / 第4段階中央代表） 1`] = `
"<!doctype html>
<html lang="ja">
  <head>
    <meta charset="UTF-8" />
    <meta name="description" content="インバスケット案件パターン10「予算承認・経費申請」の特徴・優先度の目安・回答の骨格を確認できる詳細ページです。" />
    <link rel="canonical" href="https://example.test/patterns/10" />
    <meta property="og:title" content="パターン10：予算承認・経費申請 | インバスケット - 学習アプリ" />
    <meta property="og:description" content="インバスケット案件パターン10「予算承認・経費申請」の特徴・優先度の目安・回答の骨格を確認できる詳細ページです。" />
    <meta property="og:url" content="https://example.test/patterns/10" />
    <meta name="twitter:title" content="パターン10：予算承認・経費申請 | インバスケット - 学習アプリ" />
    <meta name="twitter:description" content="インバスケット案件パターン10「予算承認・経費申請」の特徴・優先度の目安・回答の骨格を確認できる詳細ページです。" />
    <title>パターン10：予算承認・経費申請 | インバスケット - 学習アプリ</title>
    <script async src="https://pagead2.googlesyndication.com/pagead/js/adsbygoogle.js?client=ca-pub-XXXX" crossorigin="anonymous"></script>
  </head>
  <body>
    <div id="root"><div data-prerender="pattern-10">
        <h1>パターン10：予算承認・経費申請</h1>
        <h2>カテゴリ：業務・プロジェクトパターン</h2>
        <p>日常業務やプロジェクト運営に関する案件群。計画組織力と問題分析力で、リソース配分と進捗管理を構造化する判断が求められます。</p>
        <h2>優先度の目安：状況依存（案件の条件で判断）</h2>
        <p>金額と権限の範囲を確認する。費用対効果と予算範囲が判断軸。</p>
        <h2>出題される場面の読み解き</h2><p>予算承認や経費申請は、金額と権限という二つの数字を照合するだけの単純な案件に見えますが、出題では意図的に「自分の決裁枠のすぐ上」や「単年度では枠内だが複数年では超過」といった境界線上の金額が設定されます。ここで問われるのは、規程を確認するという当たり前の行動を、時間に追われた状況でも省略しないかという規律です。また、費用対効果の説明が案件文に不足している場合、それを補わせてから判断するのか、不足のまま却下するのかという判断も含まれます。多くの場合、追加情報を求めたうえで条件付き承認とするのが最も現実的な着地点になります。</p><h2>なぜこの優先度になるのか</h2><p>状況依存となるのは、金額規模と期限の組み合わせで緊急度が変動するためです。期末の予算執行期限が迫っている、あるいは発注が遅れると事業計画に影響するといった条件があれば優先度は上がり、単なる備品の補充であればC優先で足ります。判断の軸は三つあり、決裁権限の範囲内か、費用対効果が説明可能か、そして予算枠の残高に収まるかです。この三つのうち一つでも欠ける場合は、その欠けた要素を補う指示を出すのが正解で、情報が揃わないまま承認することも、情報不足を理由に単に却下することも、どちらも減点対象になります。</p>
        <h2>回答の骨格（誰に・何を・いつまでに）</h2><ol><li>費用対効果を確認</li><li>予算の範囲内か確認</li><li>承認/条件付き承認/上申のいずれかを判断</li><li>理由を明記</li></ol>
        <h2>よくある失敗</h2><ul><li>規程や決裁権限を確認せずに承認する。事後に権限外と判明した場合、承認そのものが無効となり組織的な混乱を招きます。</li><li>費用対効果の説明を求めずに判断する。判断根拠が記録に残らず、後日の監査や引き継ぎで説明できなくなります。</li><li>却下する場合に理由と代替案を示さない。理由なき却下は現場の提案意欲を削ぎ、次の改善提案が上がってこなくなります。</li><li>自分ですべて調べようとする。金額の妥当性や相場の確認は担当者に依頼すべき作業で、管理職の時間の使い方として不適切です。</li></ul><h2>回答例文</h2><p>申請内容を確認したところ、金額は私の決裁枠内ですが、費用対効果の記載が不足しています。申請者に対し、導入による削減効果と回収期間を明日中に補足するよう指示します。補足内容が妥当であれば承認し、予算枠の残高への影響を経理へ共有します。仮に金額が枠を超える場合は、削減効果の試算を添えて本部長へ上申し、私としては段階的導入による初期費用の圧縮を推奨案として提示します。いずれの場合も、判断理由を申請者へ明示的にフィードバックし、次回以降の申請品質が上がるようにします。</p><h2>評価者はどこを見ているか</h2><p>採点者は、権限と規程への意識という管理職の基礎規律を確認します。金額の大小にかかわらず、確認する手続きが答案に現れているかが最初のチェックポイントです。次に、判断理由を申請者へ返しているかどうかが見られます。承認・却下という結論だけを述べた答案と、理由をフィードバックして次につなげる答案とでは、育成の観点で評価が分かれます。また、不足情報を自分で埋めるのではなく担当者に依頼している点も、委任能力の指標として観察されています。</p>
        
        
        <p>関連リンク：<a href="/patterns">パターン別解説（全20パターン）</a> ／ <a href="/reference/chapter08">解説リファレンス：案件パターン別攻略（chapter08）</a></p>
      </div></div>
    <script type="module" src="/assets/index.js"></script>
  </body>
</html>"
`;

exports[`PBI-086 transformTemplateForRoute（view-source: 静的可視） > 生成 HTML 全体スナップショット（/patterns/20 ルート / 第4段階末尾） 1`] = `
"<!doctype html>
<html lang="ja">
  <head>
    <meta charset="UTF-8" />
    <meta name="description" content="インバスケット案件パターン20「複合案件（複数パターンの組み合わせ）」の特徴・優先度の目安・回答の骨格を確認できる詳細ページです。" />
    <link rel="canonical" href="https://example.test/patterns/20" />
    <meta property="og:title" content="パターン20：複合案件（複数パターンの組み合わせ） | インバスケット - 学習アプリ" />
    <meta property="og:description" content="インバスケット案件パターン20「複合案件（複数パターンの組み合わせ）」の特徴・優先度の目安・回答の骨格を確認できる詳細ページです。" />
    <meta property="og:url" content="https://example.test/patterns/20" />
    <meta name="twitter:title" content="パターン20：複合案件（複数パターンの組み合わせ） | インバスケット - 学習アプリ" />
    <meta name="twitter:description" content="インバスケット案件パターン20「複合案件（複数パターンの組み合わせ）」の特徴・優先度の目安・回答の骨格を確認できる詳細ページです。" />
    <title>パターン20：複合案件（複数パターンの組み合わせ） | インバスケット - 学習アプリ</title>
    <script async src="https://pagead2.googlesyndication.com/pagead/js/adsbygoogle.js?client=ca-pub-XXXX" crossorigin="anonymous"></script>
  </head>
  <body>
    <div id="root"><div data-prerender="pattern-20">
        <h1>パターン20：複合案件（複数パターンの組み合わせ）</h1>
        <h2>カテゴリ：その他のパターン</h2>
        <p>前任引継ぎや複数パターンの複合案件など、定型化しにくい案件群。前提条件の確認と要素分解、優先順位の高い要素からの着手が求められます。</p>
        <h2>優先度の目安：A優先（最重要・緊急）</h2>
        <p>高難度。A案件になりやすい。案件を要素に分解し、優先順位の高い要素から対応する。</p>
        <h2>出題される場面の読み解き</h2><p>複合案件は、一つの案件文に複数のパターンが折り重なった最高難度の出題です。典型例では、事故の発生、報道機関からの取材、顧客からの問い合わせ、法令上の報告義務が同時に走り、しかも情報が錯綜しているという状況が設定されます。ここで問われるのは、個々の対応の巧拙ではなく、絡み合った事象を要素へ分解し、着手順序を決める力です。すべてに同時に手をつけようとすると、どれも中途半端になります。要素分解と順序付け、そして並行して走らせる部分の切り分けという三段階の思考が必要になります。</p><h2>なぜこの優先度になるのか</h2><p>A優先となるのは、含まれる要素の中に必ず最優先項目（人命・安全、法令、重大な信用毀損）が含まれるためです。ただし、案件全体をA優先とみなすだけでは不十分で、分解した要素ごとに優先度を再設定する必要があります。人命と安全が最上位、次に事実確認、そして情報発信の一元化、その後に個別の顧客対応と続くのが標準的な順序です。この順序が守られないと、たとえば事実が固まる前に対外発信を行い、後から訂正して信用をさらに損なうといった典型的な失敗が発生します。順序そのものが対策の中身になる、という点が複合案件の特徴です。</p>
        <h2>回答の骨格（誰に・何を・いつまでに）</h2><ol><li>案件を要素に分解する</li><li>優先順位の高い要素から対応する</li><li>関連する他の案件と紐づけて対応する</li></ol>
        <h2>よくある失敗</h2><ul><li>案件を分解せずに一括で対応しようとする。要素ごとに担当も期限も異なるため、一括対応は必ず抜けを生みます。</li><li>事実確認前に対外発信を行う。訂正が必要になった時点で、当初の被害よりも大きな信用毀損が発生します。</li><li>情報発信の窓口を一本化しない。複数の窓口から異なる説明が出ると、隠蔽や混乱の印象を決定的にします。</li><li>現地や現場の判断に任せきりにする。全体最適の視点は本社側にしかなく、統括の放棄は事態を長期化させます。</li></ul><h2>回答例文</h2><p>本件を、人命・安全、事実確認、対外広報、顧客対応、法令対応の五つの要素に分解します。第一に、負傷者の有無と現場の安全確保を現地責任者に確認させ、三十分以内の報告を求めます。第二に、本社と現地の双方で事実確認チームを編成し、確定した事実のみを集約する単一の記録を作らせます。第三に、報道機関への対応窓口を広報部門に一本化し、確認済みの事実に限って回答する方針を本日中に文書化します。第四に、顧客からの問い合わせには統一回答文を用意し、判明していない点は判明していないと明示します。第五に、法務と連携して報告義務の有無と期限を確認します。以上を統括する対策本部を本日中に立ち上げ、経営層へ即時報告します。</p><h2>評価者はどこを見ているか</h2><p>採点者が見るのは、分解できているかという一点です。要素を列挙し、それぞれに順序と担当を割り当てた答案は、内容の細部が多少粗くても高い評価を得ます。逆に、個別の対応が丁寧でも全体の構造が示されていない答案は、複合案件の趣旨を捉えていないと判断されます。もう一つの着眼点は情報の一元化で、窓口の統一と確定事実のみの発信という原則に触れているかが、危機対応の理解度を測る指標になります。</p>
        
        
        <p>関連リンク：<a href="/patterns">パターン別解説（全20パターン）</a> ／ <a href="/reference/chapter08">解説リファレンス：案件パターン別攻略（chapter08）</a></p>
      </div></div>
    <script type="module" src="/assets/index.js"></script>
  </body>
</html>"
`;

exports[`PBI-086 transformTemplateForRoute（view-source: 静的可視） > 生成 HTML 全体スナップショット（/reference/chapter01 ルート / 退行検知） 1`] = `
"<!doctype html>
<html lang="ja">
  <head>
    <meta charset="UTF-8" />
    <meta name="description" content="インバスケット学習の「インバスケットとは何か」を中心に、要点とフレームワークを章別に確認できる解説リファレンスページです。" />
    <link rel="canonical" href="https://example.test/reference/chapter01" />
    <meta property="og:title" content="解説リファレンス：インバスケットとは何か | インバスケット - 学習アプリ" />
    <meta property="og:description" content="インバスケット学習の「インバスケットとは何か」を中心に、要点とフレームワークを章別に確認できる解説リファレンスページです。" />
    <meta property="og:url" content="https://example.test/reference/chapter01" />
    <meta name="twitter:title" content="解説リファレンス：インバスケットとは何か | インバスケット - 学習アプリ" />
    <meta name="twitter:description" content="インバスケット学習の「インバスケットとは何か」を中心に、要点とフレームワークを章別に確認できる解説リファレンスページです。" />
    <title>解説リファレンス：インバスケットとは何か | インバスケット - 学習アプリ</title>
    <script async src="https://pagead2.googlesyndication.com/pagead/js/adsbygoogle.js?client=ca-pub-XXXX" crossorigin="anonymous"></script>
  </head>
  <body>
    <div id="root"><div data-prerender="reference-chapter01">
        <h1>解説リファレンス：インバスケットとは何か</h1>
        <p>インバスケット試験は架空の管理職に着任した初日に未処理案件を制限時間内で処理するシミュレーションです。評価対象は「承認したか」よりも、なぜそう判断し誰にどう指示したかというマネージャーとしての行動パターンです。</p>
        <p>本章では試験の正体と、エンジニアが求められる思考シフト（プレイヤー思考からマネージャー思考へ）を整理します。論理的思考力や問題分析力そのものは武器になりますが、使いどころを「自分が解く」から「組織で処理する」に切り替えることが合格の鍵です。</p>
        <h2>この章で学ぶこと</h2>
<ul><li>インバスケット試験の正体</li><li>なぜエンジニアがインバスケットで躓くのか</li><li>合格するために必要な「考え方のシフト」</li></ul>
<h2>インバスケットの正体</h2>
<p>インバスケット（In-Basket）試験は、あなたが<strong>架空の管理職に着任した初日</strong>というシチュエーションで行われます。</p>
<p>机の上（＝バスケットの中）には、前任者が残した未処理案件が山積みになっています。メール、報告書、クレーム、部下からの相談、上司からの指示——これらを<strong>制限時間内にすべて処理</strong>しなければなりません。</p>
<table><thead><tr><th>項目</th><th>典型的な設定</th></tr></thead><tbody><tr><td>制限時間</td><td>60〜90分</td></tr><tr><td>案件数</td><td>15〜25件</td></tr><tr><td>あなたの役職</td><td>課長・マネージャー相当</td></tr><tr><td>状況</td><td>着任初日、前任者は不在、すぐに出張に出る</td></tr></tbody></table>
<p>ポイントは、<strong>「正解」を出す試験ではない</strong>ということです。</p>
<p>インバスケットは「あなたがどう判断し、どう行動するか」のプロセスを見る試験です。同じ案件に対して「承認する」でも「保留する」でも、<strong>その理由と指示の出し方</strong>が適切であれば高得点になります。</p>
<h2>エンジニアが躓く3つの理由</h2>
<h3>1. 「正解を探す」癖</h3>
<p>エンジニアはコードのバグを直すように「唯一の正解」を探しがちです。しかしインバスケットでは、正解は一つではありません。<strong>判断の妥当性</strong>が問われます。</p>
<h3>2. 「自分で解決する」癖</h3>
<p>優秀なエンジニアほど、自分で手を動かして問題を解決してきた成功体験があります。しかし管理職の試験では、<strong>自分で全部やる人は低評価</strong>です。部下に任せ、関係者を巻き込み、組織として対応することが求められます。</p>
<h3>3. 「完璧に処理する」癖</h3>
<p>すべての案件を完璧に処理しようとして、時間切れになるパターンです。インバスケットでは、<strong>全案件に何らかの対応を書く</strong>ことが極めて重要です。白紙は0点ですが、短い指示でも書けば得点になります。</p>
<h2>「プレイヤー」から「マネージャー」への思考シフト</h2>
<p>インバスケットで合格するために必要なのは、<strong>マネジメント思考への切り替え</strong>です。</p>
<table><thead><tr><th>プレイヤー思考</th><th>マネージャー思考</th></tr></thead><tbody><tr><td>自分で解決する</td><td>部下に任せる・関係部署と連携する</td></tr><tr><td>技術的に正しい答えを出す</td><td>組織として最適な判断をする</td></tr><tr><td>目の前のタスクに集中する</td><td>全体を俯瞰して優先順位をつける</td></tr><tr><td>完璧に仕上げてから提出する</td><td>70点でもいいから全案件に対応する</td></tr><tr><td>詳細な手順を考える</td><td>方針と判断理由を示す</td></tr></tbody></table>
<p>この思考シフトが、本書を通じて最も重要なテーマです。</p>
<h2>この本の使い方</h2>
<p>本書は以下の構成で、インバスケット対策を<strong>体系的に</strong>身につけられるように設計しています。</p>
<table><thead><tr><th>章</th><th>内容</th><th>目的</th></tr></thead><tbody><tr><td>第1〜3章</td><td>基礎理解</td><td>採点基準とマインドセットを知る</td></tr><tr><td>第4〜7章</td><td>コアテクニック</td><td>時間配分・優先順位・判断・委任の技術</td></tr><tr><td>第8〜9章</td><td>パターン演習</td><td>案件タイプ別の対応テンプレート</td></tr><tr><td>第10〜11章</td><td>実践演習</td><td>模擬問題で本番をシミュレーション</td></tr><tr><td>第12章</td><td>当日戦略</td><td>試験当日の立ち回り方</td></tr></tbody></table>
<p><strong>まず通しで1回読み</strong>、その後は第10章の模擬問題に取り組みながら、苦手な部分を該当章で復習する使い方をおすすめします。</p>
<p><strong>エンジニアへのメッセージ</strong>: インバスケットは「技術力」ではなく「マネジメント力」を測る試験です。これまでの技術スキルが無駄になるわけではありません。論理的思考力、問題分析力、構造化能力——エンジニアとして培ったこれらのスキルは、正しい方向に使えばインバスケットでも大きな武器になります。</p>
        <p>関連リンク：<a href="/patterns/1">顧客クレーム（パターン1）</a> ／ <a href="/reference">解説リファレンス（章一覧）</a></p>
      </div></div>
    <script type="module" src="/assets/index.js"></script>
  </body>
</html>"
`;

exports[`PBI-086 transformTemplateForRoute（view-source: 静的可視） > 生成 HTML 全体スナップショット（/reference/chapter06 ルート / 第2段階代表） 1`] = `
"<!doctype html>
<html lang="ja">
  <head>
    <meta charset="UTF-8" />
    <meta name="description" content="インバスケット学習の「意思決定フレームワーク」を中心に、要点とフレームワークを章別に確認できる解説リファレンスページです。" />
    <link rel="canonical" href="https://example.test/reference/chapter06" />
    <meta property="og:title" content="解説リファレンス：意思決定フレームワーク | インバスケット - 学習アプリ" />
    <meta property="og:description" content="インバスケット学習の「意思決定フレームワーク」を中心に、要点とフレームワークを章別に確認できる解説リファレンスページです。" />
    <meta property="og:url" content="https://example.test/reference/chapter06" />
    <meta name="twitter:title" content="解説リファレンス：意思決定フレームワーク | インバスケット - 学習アプリ" />
    <meta name="twitter:description" content="インバスケット学習の「意思決定フレームワーク」を中心に、要点とフレームワークを章別に確認できる解説リファレンスページです。" />
    <title>解説リファレンス：意思決定フレームワーク | インバスケット - 学習アプリ</title>
    <script async src="https://pagead2.googlesyndication.com/pagead/js/adsbygoogle.js?client=ca-pub-XXXX" crossorigin="anonymous"></script>
  </head>
  <body>
    <div id="root"><div data-prerender="reference-chapter06">
        <h1>解説リファレンス：意思決定フレームワーク</h1>
        <p>案件ごとの意思決定を場当たり的に行うと判断の質と速度がぶれます。フレームワーク化することで、限られた情報の中でも一貫した根拠で判断を下せるようになります。</p>
        <p>本章では「事実確認 → 影響範囲評価 → 選択肢列挙 → 判断基準適用 → 指示・委任」の 5 ステップで意思決定を組み立てる手順を整理します。判断の根拠を 1 文で添える型は採点 6 軸の判断力／問題分析力を同時に押し上げます。</p>
        <h2>この章で学ぶこと</h2>
<ul><li>不完全な情報でも判断を下す方法</li><li>意思決定の「型」（テンプレート）</li><li>判断を先送りしてよいケースと、してはいけないケース</li></ul>
<h2>意思決定力 ＝ インバスケットの最重要スキル</h2>
<p>第2章で述べたとおり、<strong>意思決定力は最も配点が高い</strong>ディメンションです。</p>
<p>インバスケットの案件は、意図的に<strong>判断しにくい状況</strong>が設定されています。</p>
<ul><li>情報が不足している</li><li>どちらの選択肢にもメリット・デメリットがある</li><li>関係者の利害が対立している</li><li>時間的な制約がある</li></ul>
<p>それでも「判断を示す」ことが求められます。</p>
<h2>意思決定の5ステップ</h2>
<p>すべての案件で、以下の5ステップを3分以内に回せるようになりましょう。</p>
<h3>実践例</h3>
<p><strong>案件</strong>: 重要顧客の山田商事から「御社の製品に不具合がある。今週中に回答がなければ取引を見直す」というメール。</p>
<h2>判断の「型」テンプレート</h2>
<p>毎回ゼロから考えるのは時間がかかるので、事前に「型」を持っておきます。</p>
<h3>型 1: 承認型</h3>
<p><strong>使うケース</strong>: 予算承認、企画承認、出張申請、有給申請など</p>
<h3>型 2: 対応指示型</h3>
<p><strong>使うケース</strong>: 顧客対応、トラブル対応、プロジェクト進行</p>
<h3>型 3: 方針決定型</h3>
<p><strong>使うケース</strong>: 二択・三択で判断を迫られる案件</p>
<h3>型 4: エスカレーション型</h3>
<p><strong>使うケース</strong>: 自分の権限を超える案件（大規模な予算、人事異動、法的問題）</p>
<h3>型 5: 情報収集型</h3>
<p><strong>使うケース</strong>: 判断に必要な情報が不足している案件</p>
<p><strong>重要</strong>: 「情報収集型」は便利ですが、多用は厳禁です。全案件の過半数をこの型で処理すると「判断を先送りしている」とみなされ、意思決定力が低評価になります。<strong>全体の2割以下</strong>にとどめましょう。</p>
<h2>判断を先送りしてよいケース/いけないケース</h2>
<h3>先送りしてよい（情報収集型を使ってよい）</h3>
<ul><li>法的な問題が絡み、専門家の見解が必要</li><li>金額が非常に大きく、上位者の承認が不可欠</li><li>事実関係が不明で、判断を誤ると被害が拡大する</li></ul>
<p><strong>ただし、必ず暫定対応と調査指示をセットで書くこと。</strong></p>
<h3>先送りしてはいけない</h3>
<ul><li>すでに十分な情報が案件文に書かれている</li><li>顧客やステークホルダーが回答を待っている</li><li>他の案件と関連しており、この判断が前提になっている</li></ul>
<h2>判断に迷ったときの最終手段</h2>
<p>どうしても判断がつかない場合、以下の優先順位で判断してください。</p>
<p>これは多くの企業が掲げる「顧客第一」の方針と一致するため、まず外れることはありません。</p>
<p><strong>エンジニア向けの例え</strong>: 本番障害が発生したとき、「ユーザーへの影響を最小化する &gt; サービスの信頼性を守る &gt; チームの負荷を考慮する」の順で判断しますよね。同じ感覚です。</p>
<p><strong>この章のまとめ</strong>: 意思決定は5ステップで回す。判断の「型」を5つ持っておく。情報不足でも暫定方針を示す。迷ったら顧客→会社→部下→自分の順で判断する。型を身体に染み込ませれば、3分以内で自信を持って判断を書けるようになります。</p>
        <p>関連リンク：<a href="/reference/chapter07">委任と組織活用の技術（chapter07）</a> ／ <a href="/reference">解説リファレンス（章一覧）</a></p>
      </div></div>
    <script type="module" src="/assets/index.js"></script>
  </body>
</html>"
`;

exports[`PBI-086 transformTemplateForRoute（view-source: 静的可視） > 生成 HTML 全体スナップショット（/reference/chapter12 ルート / 第2段階末尾） 1`] = `
"<!doctype html>
<html lang="ja">
  <head>
    <meta charset="UTF-8" />
    <meta name="description" content="インバスケット学習の「本番当日の戦略」を中心に、要点とフレームワークを章別に確認できる解説リファレンスページです。" />
    <link rel="canonical" href="https://example.test/reference/chapter12" />
    <meta property="og:title" content="解説リファレンス：本番当日の戦略 | インバスケット - 学習アプリ" />
    <meta property="og:description" content="インバスケット学習の「本番当日の戦略」を中心に、要点とフレームワークを章別に確認できる解説リファレンスページです。" />
    <meta property="og:url" content="https://example.test/reference/chapter12" />
    <meta name="twitter:title" content="解説リファレンス：本番当日の戦略 | インバスケット - 学習アプリ" />
    <meta name="twitter:description" content="インバスケット学習の「本番当日の戦略」を中心に、要点とフレームワークを章別に確認できる解説リファレンスページです。" />
    <title>解説リファレンス：本番当日の戦略 | インバスケット - 学習アプリ</title>
    <script async src="https://pagead2.googlesyndication.com/pagead/js/adsbygoogle.js?client=ca-pub-XXXX" crossorigin="anonymous"></script>
  </head>
  <body>
    <div id="root"><div data-prerender="reference-chapter12">
        <h1>解説リファレンス：本番当日の戦略</h1>
        <p>本番当日のパフォーマンスは前日からの準備で 8 割決まります。持ち物・睡眠・到着時刻・直前の心構えまで設計しておくことで、当日の動揺要素を最小化できます。</p>
        <p>本章では本番前日と当日朝の準備・試験開始 5 分間の動き・終了直前の見直しまで、得点を最大化するための行動計画を整理します。新しい解法を試さず練習通りに振る舞うことが当日最重要のルールです。</p>
        <h2>この章で学ぶこと</h2>
<ul><li>試験当日の行動チェックリスト</li><li>本番で実力を最大化するメンタル・フィジカル戦略</li><li>試験中のトラブル対処法</li><li>最後のまとめ</li></ul>
<h2>当日の失敗は、準備不足ではなく「段取り不足」</h2>
<p>インバスケットの不合格理由で意外に多いのが、「知識やスキルは足りていたのに、当日のコンディションや段取りが原因で実力を発揮できなかった」というケースです。</p>
<p>この章では、試験当日に実力を100%発揮するための具体的な戦略をまとめます。</p>
<h2>試験前日の準備</h2>
<h3>持ち物チェックリスト</h3>
<ul><li>[ ] 筆記用具（ボールペン2本以上、シャープペンシル、消しゴム）</li><li>[ ] 時計（スマホは使えない場合が多い）</li><li>[ ] 受験票・身分証明書</li><li>[ ] 飲み物（カフェイン入りだと手が震える人は水にする）</li><li>[ ] 軽食（糖分補給用。試験は脳を酷使する）</li></ul>
<h3>前日の過ごし方</h3>
<p><strong>やるべきこと</strong>:</p>
<ul><li>第8章の20パターンの骨格を軽く見直す</li><li>第4章の時間配分（15分 / 60分 / 15分）を確認する</li><li>翌日の移動経路・所要時間を確認する</li><li>早めに就寝する（最低6時間は睡眠を確保）</li></ul>
<p><strong>やってはいけないこと</strong>:</p>
<ul><li>新しい問題集を解き始める（不安が増すだけ）</li><li>徹夜で詰め込む（判断力が鈍る）</li><li>深酒する</li></ul>
<h2>試験開始直後の3分間ルーティン</h2>
<p>試験が始まったら、すぐに案件を読み始めたい衝動を抑えて、<strong>最初の3分間</strong>を以下に使います。</p>
<h2>本番の時間管理テクニック</h2>
<h3>タイムキーピングの方法</h3>
<p>時計を机に置き、以下のタイミングで時間をチェックします。</p>
<table><thead><tr><th>タイミング</th><th>チェック内容</th></tr></thead><tbody><tr><td>全体読み終了時</td><td>予定の15分に収まったか？</td></tr><tr><td>回答の 1/3 完了時</td><td>20分経過しているか？（60分の1/3）</td></tr><tr><td>回答の 2/3 完了時</td><td>40分経過しているか？</td></tr><tr><td>残り15分</td><td>見直しフェーズに移行</td></tr><tr><td>残り5分</td><td>未回答案件がないか最終確認</td></tr></tbody></table>
<h3>ペースが遅れている場合の対処</h3>
<p><strong>残り時間 &lt; 残り案件 × 3分 の場合</strong>:</p>
<p>1. 未回答のC案件は1〜2行の超圧縮回答にする 2. B案件は判断＋理由のみ（アクションは簡略化） 3. A案件だけは絶対に手を抜かない</p>
<p><strong>鉄則: 白紙の案件を作らない</strong></p>
<p>1行でもいいから何か書く。白紙は「この問題を認識していない」と判断され、すべての評価軸で0点になります。</p>
<h2>試験中のメンタルコントロール</h2>
<h3>パニックになったら</h3>
<p>難しい案件に当たってフリーズしたら、以下を実行します。</p>
<p>1. <strong>一旦飛ばす</strong>: その案件を後回しにして、次の案件に移る 2. <strong>3回深呼吸</strong>: 鼻から4秒吸って、口から8秒吐く 3. <strong>パターンに当てはめる</strong>: 第8章の20パターンのどれに近いか考える 4. <strong>完璧を捨てる</strong>: 60点の回答で十分。100点を目指して白紙になるのが最悪</p>
<h3>迷ったときの判断基準</h3>
<p>「どっちの判断が正しいかわからない」ときは、以下の原則に従います。</p>
<table><thead><tr><th>原則</th><th>内容</th></tr></thead><tbody><tr><td>人命・安全最優先</td><td>人的リスクがあるなら即対応</td></tr><tr><td>顧客影響を重視</td><td>社内の問題より顧客向けの問題を優先</td></tr><tr><td>決めないより決める</td><td>迷ったら判断する。「検討中」は低評価</td></tr><tr><td>組織を使う</td><td>自分一人でやろうとしない</td></tr><tr><td>上にあげる</td><td>権限を超えたら迷わずエスカレーション</td></tr></tbody></table>
<h2>見直しフェーズ（最後の15分）のチェックリスト</h2>
<p>見直しの15分では、以下を順番にチェックします。</p>
<h2>試験後の振り返り</h2>
<p>試験が終わったら、記憶が新しいうちに以下をメモしておきましょう。</p>
<ul><li>案件数と制限時間</li><li>時間が足りたか / 足りなかったか</li><li>難しいと感じた案件のタイプ</li><li>書けなかった / 迷った案件</li><li>次回に活かせる反省点</li></ul>
<p>合否に関わらず、この振り返りは今後のマネジメントスキル向上にも役立ちます。</p>
<h2>本書の総まとめ</h2>
<p>全12章で学んだことの総整理です。</p>
<table><thead><tr><th>章</th><th>テーマ</th><th>一言まとめ</th></tr></thead><tbody><tr><td>第1章</td><td>インバスケットとは</td><td>管理職の判断力を問う疑似体験テスト</td></tr><tr><td>第2章</td><td>採点基準</td><td>6つの評価軸を知らずに対策はできない</td></tr><tr><td>第3章</td><td>マインドセット</td><td>プレイヤーから管理職への意識転換</td></tr><tr><td>第4章</td><td>時間管理</td><td>15分 / 60分 / 15分の3フェーズ方式</td></tr><tr><td>第5章</td><td>優先順位</td><td>緊急×重要の4象限マトリクス</td></tr><tr><td>第6章</td><td>意思決定</td><td>5ステップ＋5つの判断テンプレート</td></tr><tr><td>第7章</td><td>委任と組織活用</td><td>自分でやらない。人を通じて成果を出す</td></tr><tr><td>第8章</td><td>案件パターン</td><td>20の典型パターンと回答骨格</td></tr><tr><td>第9章</td><td>回答の書き方</td><td>判断→理由→アクションの3ブロック</td></tr><tr><td>第10章</td><td>模擬問題</td><td>手を動かして書く。頭だけでは不十分</td></tr><tr><td>第11章</td><td>振り返りと改善</td><td>6軸で弱点を特定し、集中強化する</td></tr><tr><td>第12章</td><td>試験当日</td><td>段取りとメンタルで実力を100%発揮</td></tr></tbody></table>
<h2>エンジニアの皆さんへ</h2>
<p>最後に、エンジニアとしてインバスケット試験に臨むあなたへ。</p>
<p>エンジニアの強みは、<strong>論理的思考力、問題の構造化能力、そしてシステム的なアプローチ</strong>です。これはインバスケットで高く評価される「問題分析力」「意思決定力」と直結します。</p>
<p>一方で、エンジニアが苦手としがちなのは、<strong>あいまいな状況での素早い判断</strong>と<strong>人への配慮の表現</strong>です。この2点を意識的に鍛えれば、合格は十分に射程圏内です。</p>
<p>インバスケット試験の目的は、あなたを落とすことではありません。<strong>あなたが管理職として活躍できる人材かを確認すること</strong>です。普段の仕事で培ってきた課題解決力を、管理職の視点で発揮してください。</p>
<p>この本が、あなたの昇進試験突破の一助となれば幸いです。</p>
<p>健闘を祈ります。</p>
        <p>関連リンク：<a href="/reference/chapter10">模擬試験の進め方（chapter10）</a> ／ <a href="/reference">解説リファレンス（章一覧）</a></p>
      </div></div>
    <script type="module" src="/assets/index.js"></script>
  </body>
</html>"
`;
